// Jest Snapshot v1, https://goo.gl/fbAQLP

exports['<Main /> should take a snapshot from Main component 1'] = `
<h1>
  Hello World
</h1>
`;
